PLINK v2.00a5LM 64-bit Intel (23 Sep 2023)
Options in effect:
  --allow-extra-chr
  --bfile analysis/gwas/results/gwas/population_vs_locus/work/collapse_pop2_subset
  --make-king-table cols=id,nsnp,ibs0
  --out analysis/gwas/results/gwas/population_vs_locus/work/collapse_pop2_king

Hostname: i31
Working directory: /bigdata/stajichlab/jstajich/projects/Rhodotorula_phenotypes
Start time: Wed Aug 26 08:59:30 2026

Random number seed: 1787759970
515874 MiB RAM detected, ~468481 available; reserving 257937 MiB for main
workspace.
Using up to 8 compute threads.
12 samples (0 females, 0 males, 12 ambiguous; 12 founders) loaded from
analysis/gwas/results/gwas/population_vs_locus/work/collapse_pop2_subset.fam.
28707 variants loaded from
analysis/gwas/results/gwas/population_vs_locus/work/collapse_pop2_subset.bim.
Note: No phenotype data present.
--make-king-table pass 1/1: Scanning for rare variants... done.
23550 variants handled by initial scan (5157 remaining).
--make-king-table: 28707 variants processed.
Results written to
analysis/gwas/results/gwas/population_vs_locus/work/collapse_pop2_king.kin0 .

End time: Wed Aug 26 08:59:30 2026
