PLINK v2.00a5LM 64-bit Intel (23 Sep 2023)
Options in effect:
  --allow-extra-chr
  --bfile analysis/gwas/results/gwas/grm_conditioning/rebuilt_kinship_culled/gwasc.pruned
  --export A
  --out analysis/gwas/results/gwas/population_vs_locus/work/null_pool_gwasc

Hostname: i31
Working directory: /bigdata/stajichlab/jstajich/projects/Rhodotorula_phenotypes
Start time: Wed Aug 26 08:59:27 2026

Random number seed: 1787759967
515874 MiB RAM detected, ~468502 available; reserving 257937 MiB for main
workspace.
Using up to 8 compute threads.
182 samples (0 females, 0 males, 182 ambiguous; 182 founders) loaded from
analysis/gwas/results/gwas/grm_conditioning/rebuilt_kinship_culled/gwasc.pruned.fam.
28707 variants loaded from
analysis/gwas/results/gwas/grm_conditioning/rebuilt_kinship_culled/gwasc.pruned.bim.
Note: No phenotype data present.
--export A:
analysis/gwas/results/gwas/population_vs_locus/work/null_pool_gwasc.raw
written.

End time: Wed Aug 26 08:59:27 2026
